// Jest Snapshot v1, https://goo.gl/fbAQLP

exports[`Tests for Customer Renders correctly 1`] = `
<ContextConsumer>
  <Component />
</ContextConsumer>
`;
